2026-07-03 14:16:07,908 INFO Imported existing <module 'comtypes.gen' from 'C:\\Users\\hp\\AppData\\Local\\Programs\\Python\\Python314\\Lib\\site-packages\\comtypes\\gen\\__init__.py'>
2026-07-03 14:16:07,909 INFO Using writeable comtypes cache directory: 'C:\Users\hp\AppData\Local\Programs\Python\Python314\Lib\site-packages\comtypes\gen'
2026-07-03 14:18:54,829 - INFO - Imported existing <module 'comtypes.gen' from 'C:\\Users\\hp\\AppData\\Local\\Programs\\Python\\Python314\\Lib\\site-packages\\comtypes\\gen\\__init__.py'>
2026-07-03 14:18:54,829 - INFO - Using writeable comtypes cache directory: 'C:\Users\hp\AppData\Local\Programs\Python\Python314\Lib\site-packages\comtypes\gen'
2026-07-03 14:22:26,565 - INFO - Imported existing <module 'comtypes.gen' from 'C:\\Users\\hp\\AppData\\Local\\Programs\\Python\\Python314\\Lib\\site-packages\\comtypes\\gen\\__init__.py'>
2026-07-03 14:22:26,565 - INFO - Using writeable comtypes cache directory: 'C:\Users\hp\AppData\Local\Programs\Python\Python314\Lib\site-packages\comtypes\gen'
2026-07-03 14:26:05,821 - INFO - Imported existing <module 'comtypes.gen' from 'C:\\Users\\hp\\AppData\\Local\\Programs\\Python\\Python314\\Lib\\site-packages\\comtypes\\gen\\__init__.py'>
2026-07-03 14:26:05,822 - INFO - Using writeable comtypes cache directory: 'C:\Users\hp\AppData\Local\Programs\Python\Python314\Lib\site-packages\comtypes\gen'
2026-07-03 14:26:18,385 - INFO - i
2026-07-03 14:26:24,935 - INFO - Imported existing <module 'comtypes.gen' from 'C:\\Users\\hp\\AppData\\Local\\Programs\\Python\\Python314\\Lib\\site-packages\\comtypes\\gen\\__init__.py'>
2026-07-03 14:26:24,935 - INFO - Using writeable comtypes cache directory: 'C:\Users\hp\AppData\Local\Programs\Python\Python314\Lib\site-packages\comtypes\gen'
2026-07-03 14:26:36,715 - INFO - hi
2026-07-03 14:26:43,527 - INFO - Imported existing <module 'comtypes.gen' from 'C:\\Users\\hp\\AppData\\Local\\Programs\\Python\\Python314\\Lib\\site-packages\\comtypes\\gen\\__init__.py'>
2026-07-03 14:26:43,528 - INFO - Using writeable comtypes cache directory: 'C:\Users\hp\AppData\Local\Programs\Python\Python314\Lib\site-packages\comtypes\gen'
2026-07-03 14:26:55,547 - INFO - are you by use
2026-07-03 14:26:59,207 - INFO - Imported existing <module 'comtypes.gen' from 'C:\\Users\\hp\\AppData\\Local\\Programs\\Python\\Python314\\Lib\\site-packages\\comtypes\\gen\\__init__.py'>
2026-07-03 14:26:59,208 - INFO - Using writeable comtypes cache directory: 'C:\Users\hp\AppData\Local\Programs\Python\Python314\Lib\site-packages\comtypes\gen'
2026-07-03 14:27:10,948 - INFO - i go i am a huge
2026-07-03 14:27:15,722 - INFO - Imported existing <module 'comtypes.gen' from 'C:\\Users\\hp\\AppData\\Local\\Programs\\Python\\Python314\\Lib\\site-packages\\comtypes\\gen\\__init__.py'>
2026-07-03 14:27:15,723 - INFO - Using writeable comtypes cache directory: 'C:\Users\hp\AppData\Local\Programs\Python\Python314\Lib\site-packages\comtypes\gen'
2026-07-03 14:27:27,496 - INFO - one jericho later
2026-07-03 14:27:31,855 - INFO - Imported existing <module 'comtypes.gen' from 'C:\\Users\\hp\\AppData\\Local\\Programs\\Python\\Python314\\Lib\\site-packages\\comtypes\\gen\\__init__.py'>
2026-07-03 14:27:31,855 - INFO - Using writeable comtypes cache directory: 'C:\Users\hp\AppData\Local\Programs\Python\Python314\Lib\site-packages\comtypes\gen'
2026-07-03 14:27:43,450 - INFO - he calculated
2026-07-03 14:27:48,783 - INFO - Imported existing <module 'comtypes.gen' from 'C:\\Users\\hp\\AppData\\Local\\Programs\\Python\\Python314\\Lib\\site-packages\\comtypes\\gen\\__init__.py'>
2026-07-03 14:27:48,784 - INFO - Using writeable comtypes cache directory: 'C:\Users\hp\AppData\Local\Programs\Python\Python314\Lib\site-packages\comtypes\gen'
2026-07-03 14:28:00,631 - ERROR - [Errno 22] Invalid argument
Traceback (most recent call last):
  File "C:\Users\hp\PycharmProjects\PythonProject\Automatic_Speech_Recognition_Engine\speech_recognition_module.py", line 266, in listen
    print("\nNo Speech Detected.")
    ~~~~~^^^^^^^^^^^^^^^^^^^^^^^^^
OSError: [Errno 22] Invalid argument
2026-07-03 14:32:20,255 - INFO - Imported existing <module 'comtypes.gen' from 'C:\\Users\\hp\\AppData\\Local\\Programs\\Python\\Python314\\Lib\\site-packages\\comtypes\\gen\\__init__.py'>
2026-07-03 14:32:20,256 - INFO - Using writeable comtypes cache directory: 'C:\Users\hp\AppData\Local\Programs\Python\Python314\Lib\site-packages\comtypes\gen'
2026-07-03 14:32:20,488 - INFO - Voice Engine Initialized Successfully
2026-07-03 14:32:20,488 - INFO - Speech Model Found
2026-07-03 14:32:20,488 - INFO - Microphone Detected
2026-07-03 14:32:20,488 - INFO - Default Microphone Available
2026-07-03 14:32:23,758 - INFO - Speech Model Loaded Successfully
